[
  [0] {
                                     "id" => "__REMOVED__",
                                   "name" => "basic",
                             "keys_limit" => 1000,
                         "projects_limit" => 2,
                        "languages_limit" => 2,
                      "permission_system" => true,
                            "validations" => false,
                            "key_history" => false,
                       "export_hierarchy" => false,
                        "post_processing" => false,
                       "project_activity" => false,
                           "over_the_air" => false,
                                   "tags" => true,
        "machine_translation_suggestions" => false,
           "machine_translation_language" => false,
     "machine_translation_auto_translate" => false,
    "machine_translation_character_limit" => 2500,
                            "html_editor" => false,
                             "created_at" => "__REMOVED__",
                             "updated_at" => "__REMOVED__",
                             "user_limit" => 5
  },
  [1] {
                                     "id" => "__REMOVED__",
                                   "name" => "basic_old",
                             "keys_limit" => nil,
                         "projects_limit" => nil,
                        "languages_limit" => nil,
                      "permission_system" => true,
                            "validations" => false,
                            "key_history" => false,
                       "export_hierarchy" => false,
                        "post_processing" => false,
                       "project_activity" => false,
                           "over_the_air" => false,
                                   "tags" => true,
        "machine_translation_suggestions" => false,
           "machine_translation_language" => false,
     "machine_translation_auto_translate" => false,
    "machine_translation_character_limit" => 2500,
                            "html_editor" => false,
                             "created_at" => "__REMOVED__",
                             "updated_at" => "__REMOVED__",
                             "user_limit" => nil
  },
  [2] {
                                     "id" => "__REMOVED__",
                                   "name" => "business",
                             "keys_limit" => nil,
                         "projects_limit" => nil,
                        "languages_limit" => nil,
                      "permission_system" => true,
                            "validations" => true,
                            "key_history" => true,
                       "export_hierarchy" => true,
                        "post_processing" => true,
                       "project_activity" => true,
                           "over_the_air" => true,
                                   "tags" => true,
        "machine_translation_suggestions" => true,
           "machine_translation_language" => true,
     "machine_translation_auto_translate" => true,
    "machine_translation_character_limit" => 25000,
                            "html_editor" => true,
                             "created_at" => "__REMOVED__",
                             "updated_at" => "__REMOVED__",
                             "user_limit" => nil
  },
  [3] {
                                     "id" => "__REMOVED__",
                                   "name" => "business_old",
                             "keys_limit" => nil,
                         "projects_limit" => nil,
                        "languages_limit" => nil,
                      "permission_system" => true,
                            "validations" => true,
                            "key_history" => true,
                       "export_hierarchy" => true,
                        "post_processing" => true,
                       "project_activity" => true,
                           "over_the_air" => true,
                                   "tags" => true,
        "machine_translation_suggestions" => true,
           "machine_translation_language" => true,
     "machine_translation_auto_translate" => true,
    "machine_translation_character_limit" => 25000,
                            "html_editor" => true,
                             "created_at" => "__REMOVED__",
                             "updated_at" => "__REMOVED__",
                             "user_limit" => nil
  },
  [4] {
                                     "id" => "__REMOVED__",
                                   "name" => "free",
                             "keys_limit" => 250,
                         "projects_limit" => 1,
                        "languages_limit" => 2,
                      "permission_system" => false,
                            "validations" => false,
                            "key_history" => false,
                       "export_hierarchy" => false,
                        "post_processing" => false,
                       "project_activity" => false,
                           "over_the_air" => false,
                                   "tags" => true,
        "machine_translation_suggestions" => false,
           "machine_translation_language" => false,
     "machine_translation_auto_translate" => false,
    "machine_translation_character_limit" => 0,
                            "html_editor" => false,
                             "created_at" => "__REMOVED__",
                             "updated_at" => "__REMOVED__",
                             "user_limit" => 1
  },
  [5] {
                                     "id" => "__REMOVED__",
                                   "name" => "free_old",
                             "keys_limit" => nil,
                         "projects_limit" => 1,
                        "languages_limit" => 2,
                      "permission_system" => false,
                            "validations" => false,
                            "key_history" => false,
                       "export_hierarchy" => false,
                        "post_processing" => false,
                       "project_activity" => false,
                           "over_the_air" => false,
                                   "tags" => true,
        "machine_translation_suggestions" => false,
           "machine_translation_language" => false,
     "machine_translation_auto_translate" => false,
    "machine_translation_character_limit" => 0,
                            "html_editor" => false,
                             "created_at" => "__REMOVED__",
                             "updated_at" => "__REMOVED__",
                             "user_limit" => 1
  },
  [6] {
                                     "id" => "__REMOVED__",
                                   "name" => "team",
                             "keys_limit" => 2500,
                         "projects_limit" => nil,
                        "languages_limit" => nil,
                      "permission_system" => true,
                            "validations" => false,
                            "key_history" => true,
                       "export_hierarchy" => true,
                        "post_processing" => true,
                       "project_activity" => true,
                           "over_the_air" => false,
                                   "tags" => true,
        "machine_translation_suggestions" => true,
           "machine_translation_language" => true,
     "machine_translation_auto_translate" => false,
    "machine_translation_character_limit" => 10000,
                            "html_editor" => false,
                             "created_at" => "__REMOVED__",
                             "updated_at" => "__REMOVED__",
                             "user_limit" => 10
  },
  [7] {
                                     "id" => "__REMOVED__",
                                   "name" => "team_old",
                             "keys_limit" => nil,
                         "projects_limit" => nil,
                        "languages_limit" => nil,
                      "permission_system" => true,
                            "validations" => false,
                            "key_history" => true,
                       "export_hierarchy" => true,
                        "post_processing" => true,
                       "project_activity" => true,
                           "over_the_air" => false,
                                   "tags" => true,
        "machine_translation_suggestions" => true,
           "machine_translation_language" => true,
     "machine_translation_auto_translate" => false,
    "machine_translation_character_limit" => 10000,
                            "html_editor" => false,
                             "created_at" => "__REMOVED__",
                             "updated_at" => "__REMOVED__",
                             "user_limit" => nil
  },
  [8] {
                                     "id" => "__REMOVED__",
                                   "name" => "trial",
                             "keys_limit" => nil,
                         "projects_limit" => 1,
                        "languages_limit" => 2,
                      "permission_system" => true,
                            "validations" => true,
                            "key_history" => true,
                       "export_hierarchy" => true,
                        "post_processing" => true,
                       "project_activity" => true,
                           "over_the_air" => false,
                                   "tags" => true,
        "machine_translation_suggestions" => true,
           "machine_translation_language" => true,
     "machine_translation_auto_translate" => true,
    "machine_translation_character_limit" => 10000,
                            "html_editor" => true,
                             "created_at" => "__REMOVED__",
                             "updated_at" => "__REMOVED__",
                             "user_limit" => nil
  }
]