{
  "data" => {
               "id" => "__REMOVED__",
             "type" => "organization",
       "attributes" => {
                                       "id" => "__REMOVED__",
                                     "name" => "Test Name",
                             "trial_active" => false,
      "machine_translation_character_usage" => 0,
      "machine_translation_character_limit" => 10000,
                               "keys_count" => 0,
                            "project_count" => 0,
                            "project_limit" => 1,
                    "project_limit_reached" => false,
               "language_limit_per_project" => 2,
                     "deepl_api_token_type" => nil,
                                "key_count" => 0,
                                "key_limit" => 250,
                        "key_limit_reached" => false,
                       "key_limit_exceeded" => false,
                       "active_users_count" => 1,
                               "user_limit" => 1,
                "uses_custom_deepl_account" => false,
                        "max_users_reached" => true,
                          "deepl_api_token" => nil,
                        "current_user_role" => "owner",
                            "trial_ends_at" => nil,
                         "enabled_features" => [
        [0] "FEATURE_TAGS"
      ],
                 "current_user_deactivated" => false,
          "current_user_deactivated_reason" => nil
    },
    "relationships" => {
      "projects" => {
        "data" => []
      }
    }
  }
}