{
  "data" => [
    [0] {
                 "id" => "__REMOVED__",
               "type" => "organization",
         "attributes" => {
                                         "id" => "__REMOVED__",
                                       "name" => "Organization 1",
                               "trial_active" => true,
        "machine_translation_character_usage" => 0,
        "machine_translation_character_limit" => 10000,
                                 "keys_count" => 0,
                              "project_count" => 0,
                              "project_limit" => 1,
                      "project_limit_reached" => false,
                 "language_limit_per_project" => 2,
                       "deepl_api_token_type" => nil,
                                  "key_count" => 0,
                                  "key_limit" => nil,
                          "key_limit_reached" => false,
                         "key_limit_exceeded" => false,
                         "active_users_count" => 1,
                                 "user_limit" => nil,
                  "uses_custom_deepl_account" => false,
                          "max_users_reached" => false,
                            "deepl_api_token" => nil,
                          "current_user_role" => "translator",
                              "trial_ends_at" => "__REMOVED__",
                           "enabled_features" => [
          [ 0] "FEATURE_PERMISSION_SYSTEM",
          [ 1] "FEATURE_VALIDATIONS",
          [ 2] "FEATURE_KEY_HISTORY",
          [ 3] "FEATURE_EXPORT_HIERARCHY",
          [ 4] "FEATURE_POST_PROCESSING",
          [ 5] "FEATURE_PROJECT_ACTIVITY",
          [ 6] "FEATURE_TAGS",
          [ 7] "FEATURE_HTML_EDITOR",
          [ 8] "FEATURE_MACHINE_TRANSLATION_SUGGESTIONS",
          [ 9] "FEATURE_MACHINE_TRANSLATION_LANGUAGE",
          [10] "FEATURE_MACHINE_TRANSLATION_AUTO_TRANSLATE"
        ],
                   "current_user_deactivated" => false,
            "current_user_deactivated_reason" => nil
      },
      "relationships" => {
        "projects" => {
          "data" => []
        }
      }
    },
    [1] {
                 "id" => "__REMOVED__",
               "type" => "organization",
         "attributes" => {
                                         "id" => "__REMOVED__",
                                       "name" => "Organization 10",
                               "trial_active" => true,
        "machine_translation_character_usage" => 0,
        "machine_translation_character_limit" => 10000,
                                 "keys_count" => 0,
                              "project_count" => 0,
                              "project_limit" => 1,
                      "project_limit_reached" => false,
                 "language_limit_per_project" => 2,
                       "deepl_api_token_type" => nil,
                                  "key_count" => 0,
                                  "key_limit" => nil,
                          "key_limit_reached" => false,
                         "key_limit_exceeded" => false,
                         "active_users_count" => 1,
                                 "user_limit" => nil,
                  "uses_custom_deepl_account" => false,
                          "max_users_reached" => false,
                            "deepl_api_token" => nil,
                          "current_user_role" => "translator",
                              "trial_ends_at" => "__REMOVED__",
                           "enabled_features" => [
          [ 0] "FEATURE_PERMISSION_SYSTEM",
          [ 1] "FEATURE_VALIDATIONS",
          [ 2] "FEATURE_KEY_HISTORY",
          [ 3] "FEATURE_EXPORT_HIERARCHY",
          [ 4] "FEATURE_POST_PROCESSING",
          [ 5] "FEATURE_PROJECT_ACTIVITY",
          [ 6] "FEATURE_TAGS",
          [ 7] "FEATURE_HTML_EDITOR",
          [ 8] "FEATURE_MACHINE_TRANSLATION_SUGGESTIONS",
          [ 9] "FEATURE_MACHINE_TRANSLATION_LANGUAGE",
          [10] "FEATURE_MACHINE_TRANSLATION_AUTO_TRANSLATE"
        ],
                   "current_user_deactivated" => false,
            "current_user_deactivated_reason" => nil
      },
      "relationships" => {
        "projects" => {
          "data" => []
        }
      }
    },
    [2] {
                 "id" => "__REMOVED__",
               "type" => "organization",
         "attributes" => {
                                         "id" => "__REMOVED__",
                                       "name" => "Organization 11",
                               "trial_active" => true,
        "machine_translation_character_usage" => 0,
        "machine_translation_character_limit" => 10000,
                                 "keys_count" => 0,
                              "project_count" => 0,
                              "project_limit" => 1,
                      "project_limit_reached" => false,
                 "language_limit_per_project" => 2,
                       "deepl_api_token_type" => nil,
                                  "key_count" => 0,
                                  "key_limit" => nil,
                          "key_limit_reached" => false,
                         "key_limit_exceeded" => false,
                         "active_users_count" => 1,
                                 "user_limit" => nil,
                  "uses_custom_deepl_account" => false,
                          "max_users_reached" => false,
                            "deepl_api_token" => nil,
                          "current_user_role" => "translator",
                              "trial_ends_at" => "__REMOVED__",
                           "enabled_features" => [
          [ 0] "FEATURE_PERMISSION_SYSTEM",
          [ 1] "FEATURE_VALIDATIONS",
          [ 2] "FEATURE_KEY_HISTORY",
          [ 3] "FEATURE_EXPORT_HIERARCHY",
          [ 4] "FEATURE_POST_PROCESSING",
          [ 5] "FEATURE_PROJECT_ACTIVITY",
          [ 6] "FEATURE_TAGS",
          [ 7] "FEATURE_HTML_EDITOR",
          [ 8] "FEATURE_MACHINE_TRANSLATION_SUGGESTIONS",
          [ 9] "FEATURE_MACHINE_TRANSLATION_LANGUAGE",
          [10] "FEATURE_MACHINE_TRANSLATION_AUTO_TRANSLATE"
        ],
                   "current_user_deactivated" => false,
            "current_user_deactivated_reason" => nil
      },
      "relationships" => {
        "projects" => {
          "data" => []
        }
      }
    },
    [3] {
                 "id" => "__REMOVED__",
               "type" => "organization",
         "attributes" => {
                                         "id" => "__REMOVED__",
                                       "name" => "Organization 2",
                               "trial_active" => true,
        "machine_translation_character_usage" => 0,
        "machine_translation_character_limit" => 10000,
                                 "keys_count" => 0,
                              "project_count" => 0,
                              "project_limit" => 1,
                      "project_limit_reached" => false,
                 "language_limit_per_project" => 2,
                       "deepl_api_token_type" => nil,
                                  "key_count" => 0,
                                  "key_limit" => nil,
                          "key_limit_reached" => false,
                         "key_limit_exceeded" => false,
                         "active_users_count" => 1,
                                 "user_limit" => nil,
                  "uses_custom_deepl_account" => false,
                          "max_users_reached" => false,
                            "deepl_api_token" => nil,
                          "current_user_role" => "translator",
                              "trial_ends_at" => "__REMOVED__",
                           "enabled_features" => [
          [ 0] "FEATURE_PERMISSION_SYSTEM",
          [ 1] "FEATURE_VALIDATIONS",
          [ 2] "FEATURE_KEY_HISTORY",
          [ 3] "FEATURE_EXPORT_HIERARCHY",
          [ 4] "FEATURE_POST_PROCESSING",
          [ 5] "FEATURE_PROJECT_ACTIVITY",
          [ 6] "FEATURE_TAGS",
          [ 7] "FEATURE_HTML_EDITOR",
          [ 8] "FEATURE_MACHINE_TRANSLATION_SUGGESTIONS",
          [ 9] "FEATURE_MACHINE_TRANSLATION_LANGUAGE",
          [10] "FEATURE_MACHINE_TRANSLATION_AUTO_TRANSLATE"
        ],
                   "current_user_deactivated" => false,
            "current_user_deactivated_reason" => nil
      },
      "relationships" => {
        "projects" => {
          "data" => []
        }
      }
    },
    [4] {
                 "id" => "__REMOVED__",
               "type" => "organization",
         "attributes" => {
                                         "id" => "__REMOVED__",
                                       "name" => "Organization 3",
                               "trial_active" => true,
        "machine_translation_character_usage" => 0,
        "machine_translation_character_limit" => 10000,
                                 "keys_count" => 0,
                              "project_count" => 0,
                              "project_limit" => 1,
                      "project_limit_reached" => false,
                 "language_limit_per_project" => 2,
                       "deepl_api_token_type" => nil,
                                  "key_count" => 0,
                                  "key_limit" => nil,
                          "key_limit_reached" => false,
                         "key_limit_exceeded" => false,
                         "active_users_count" => 1,
                                 "user_limit" => nil,
                  "uses_custom_deepl_account" => false,
                          "max_users_reached" => false,
                            "deepl_api_token" => nil,
                          "current_user_role" => "translator",
                              "trial_ends_at" => "__REMOVED__",
                           "enabled_features" => [
          [ 0] "FEATURE_PERMISSION_SYSTEM",
          [ 1] "FEATURE_VALIDATIONS",
          [ 2] "FEATURE_KEY_HISTORY",
          [ 3] "FEATURE_EXPORT_HIERARCHY",
          [ 4] "FEATURE_POST_PROCESSING",
          [ 5] "FEATURE_PROJECT_ACTIVITY",
          [ 6] "FEATURE_TAGS",
          [ 7] "FEATURE_HTML_EDITOR",
          [ 8] "FEATURE_MACHINE_TRANSLATION_SUGGESTIONS",
          [ 9] "FEATURE_MACHINE_TRANSLATION_LANGUAGE",
          [10] "FEATURE_MACHINE_TRANSLATION_AUTO_TRANSLATE"
        ],
                   "current_user_deactivated" => false,
            "current_user_deactivated_reason" => nil
      },
      "relationships" => {
        "projects" => {
          "data" => []
        }
      }
    },
    [5] {
                 "id" => "__REMOVED__",
               "type" => "organization",
         "attributes" => {
                                         "id" => "__REMOVED__",
                                       "name" => "Organization 4",
                               "trial_active" => true,
        "machine_translation_character_usage" => 0,
        "machine_translation_character_limit" => 10000,
                                 "keys_count" => 0,
                              "project_count" => 0,
                              "project_limit" => 1,
                      "project_limit_reached" => false,
                 "language_limit_per_project" => 2,
                       "deepl_api_token_type" => nil,
                                  "key_count" => 0,
                                  "key_limit" => nil,
                          "key_limit_reached" => false,
                         "key_limit_exceeded" => false,
                         "active_users_count" => 1,
                                 "user_limit" => nil,
                  "uses_custom_deepl_account" => false,
                          "max_users_reached" => false,
                            "deepl_api_token" => nil,
                          "current_user_role" => "translator",
                              "trial_ends_at" => "__REMOVED__",
                           "enabled_features" => [
          [ 0] "FEATURE_PERMISSION_SYSTEM",
          [ 1] "FEATURE_VALIDATIONS",
          [ 2] "FEATURE_KEY_HISTORY",
          [ 3] "FEATURE_EXPORT_HIERARCHY",
          [ 4] "FEATURE_POST_PROCESSING",
          [ 5] "FEATURE_PROJECT_ACTIVITY",
          [ 6] "FEATURE_TAGS",
          [ 7] "FEATURE_HTML_EDITOR",
          [ 8] "FEATURE_MACHINE_TRANSLATION_SUGGESTIONS",
          [ 9] "FEATURE_MACHINE_TRANSLATION_LANGUAGE",
          [10] "FEATURE_MACHINE_TRANSLATION_AUTO_TRANSLATE"
        ],
                   "current_user_deactivated" => false,
            "current_user_deactivated_reason" => nil
      },
      "relationships" => {
        "projects" => {
          "data" => []
        }
      }
    },
    [6] {
                 "id" => "__REMOVED__",
               "type" => "organization",
         "attributes" => {
                                         "id" => "__REMOVED__",
                                       "name" => "Organization 5",
                               "trial_active" => true,
        "machine_translation_character_usage" => 0,
        "machine_translation_character_limit" => 10000,
                                 "keys_count" => 0,
                              "project_count" => 0,
                              "project_limit" => 1,
                      "project_limit_reached" => false,
                 "language_limit_per_project" => 2,
                       "deepl_api_token_type" => nil,
                                  "key_count" => 0,
                                  "key_limit" => nil,
                          "key_limit_reached" => false,
                         "key_limit_exceeded" => false,
                         "active_users_count" => 1,
                                 "user_limit" => nil,
                  "uses_custom_deepl_account" => false,
                          "max_users_reached" => false,
                            "deepl_api_token" => nil,
                          "current_user_role" => "translator",
                              "trial_ends_at" => "__REMOVED__",
                           "enabled_features" => [
          [ 0] "FEATURE_PERMISSION_SYSTEM",
          [ 1] "FEATURE_VALIDATIONS",
          [ 2] "FEATURE_KEY_HISTORY",
          [ 3] "FEATURE_EXPORT_HIERARCHY",
          [ 4] "FEATURE_POST_PROCESSING",
          [ 5] "FEATURE_PROJECT_ACTIVITY",
          [ 6] "FEATURE_TAGS",
          [ 7] "FEATURE_HTML_EDITOR",
          [ 8] "FEATURE_MACHINE_TRANSLATION_SUGGESTIONS",
          [ 9] "FEATURE_MACHINE_TRANSLATION_LANGUAGE",
          [10] "FEATURE_MACHINE_TRANSLATION_AUTO_TRANSLATE"
        ],
                   "current_user_deactivated" => false,
            "current_user_deactivated_reason" => nil
      },
      "relationships" => {
        "projects" => {
          "data" => []
        }
      }
    },
    [7] {
                 "id" => "__REMOVED__",
               "type" => "organization",
         "attributes" => {
                                         "id" => "__REMOVED__",
                                       "name" => "Organization 6",
                               "trial_active" => true,
        "machine_translation_character_usage" => 0,
        "machine_translation_character_limit" => 10000,
                                 "keys_count" => 0,
                              "project_count" => 0,
                              "project_limit" => 1,
                      "project_limit_reached" => false,
                 "language_limit_per_project" => 2,
                       "deepl_api_token_type" => nil,
                                  "key_count" => 0,
                                  "key_limit" => nil,
                          "key_limit_reached" => false,
                         "key_limit_exceeded" => false,
                         "active_users_count" => 1,
                                 "user_limit" => nil,
                  "uses_custom_deepl_account" => false,
                          "max_users_reached" => false,
                            "deepl_api_token" => nil,
                          "current_user_role" => "translator",
                              "trial_ends_at" => "__REMOVED__",
                           "enabled_features" => [
          [ 0] "FEATURE_PERMISSION_SYSTEM",
          [ 1] "FEATURE_VALIDATIONS",
          [ 2] "FEATURE_KEY_HISTORY",
          [ 3] "FEATURE_EXPORT_HIERARCHY",
          [ 4] "FEATURE_POST_PROCESSING",
          [ 5] "FEATURE_PROJECT_ACTIVITY",
          [ 6] "FEATURE_TAGS",
          [ 7] "FEATURE_HTML_EDITOR",
          [ 8] "FEATURE_MACHINE_TRANSLATION_SUGGESTIONS",
          [ 9] "FEATURE_MACHINE_TRANSLATION_LANGUAGE",
          [10] "FEATURE_MACHINE_TRANSLATION_AUTO_TRANSLATE"
        ],
                   "current_user_deactivated" => false,
            "current_user_deactivated_reason" => nil
      },
      "relationships" => {
        "projects" => {
          "data" => []
        }
      }
    },
    [8] {
                 "id" => "__REMOVED__",
               "type" => "organization",
         "attributes" => {
                                         "id" => "__REMOVED__",
                                       "name" => "Organization 7",
                               "trial_active" => true,
        "machine_translation_character_usage" => 0,
        "machine_translation_character_limit" => 10000,
                                 "keys_count" => 0,
                              "project_count" => 0,
                              "project_limit" => 1,
                      "project_limit_reached" => false,
                 "language_limit_per_project" => 2,
                       "deepl_api_token_type" => nil,
                                  "key_count" => 0,
                                  "key_limit" => nil,
                          "key_limit_reached" => false,
                         "key_limit_exceeded" => false,
                         "active_users_count" => 1,
                                 "user_limit" => nil,
                  "uses_custom_deepl_account" => false,
                          "max_users_reached" => false,
                            "deepl_api_token" => nil,
                          "current_user_role" => "translator",
                              "trial_ends_at" => "__REMOVED__",
                           "enabled_features" => [
          [ 0] "FEATURE_PERMISSION_SYSTEM",
          [ 1] "FEATURE_VALIDATIONS",
          [ 2] "FEATURE_KEY_HISTORY",
          [ 3] "FEATURE_EXPORT_HIERARCHY",
          [ 4] "FEATURE_POST_PROCESSING",
          [ 5] "FEATURE_PROJECT_ACTIVITY",
          [ 6] "FEATURE_TAGS",
          [ 7] "FEATURE_HTML_EDITOR",
          [ 8] "FEATURE_MACHINE_TRANSLATION_SUGGESTIONS",
          [ 9] "FEATURE_MACHINE_TRANSLATION_LANGUAGE",
          [10] "FEATURE_MACHINE_TRANSLATION_AUTO_TRANSLATE"
        ],
                   "current_user_deactivated" => false,
            "current_user_deactivated_reason" => nil
      },
      "relationships" => {
        "projects" => {
          "data" => []
        }
      }
    },
    [9] {
                 "id" => "__REMOVED__",
               "type" => "organization",
         "attributes" => {
                                         "id" => "__REMOVED__",
                                       "name" => "Organization 8",
                               "trial_active" => true,
        "machine_translation_character_usage" => 0,
        "machine_translation_character_limit" => 10000,
                                 "keys_count" => 0,
                              "project_count" => 0,
                              "project_limit" => 1,
                      "project_limit_reached" => false,
                 "language_limit_per_project" => 2,
                       "deepl_api_token_type" => nil,
                                  "key_count" => 0,
                                  "key_limit" => nil,
                          "key_limit_reached" => false,
                         "key_limit_exceeded" => false,
                         "active_users_count" => 1,
                                 "user_limit" => nil,
                  "uses_custom_deepl_account" => false,
                          "max_users_reached" => false,
                            "deepl_api_token" => nil,
                          "current_user_role" => "translator",
                              "trial_ends_at" => "__REMOVED__",
                           "enabled_features" => [
          [ 0] "FEATURE_PERMISSION_SYSTEM",
          [ 1] "FEATURE_VALIDATIONS",
          [ 2] "FEATURE_KEY_HISTORY",
          [ 3] "FEATURE_EXPORT_HIERARCHY",
          [ 4] "FEATURE_POST_PROCESSING",
          [ 5] "FEATURE_PROJECT_ACTIVITY",
          [ 6] "FEATURE_TAGS",
          [ 7] "FEATURE_HTML_EDITOR",
          [ 8] "FEATURE_MACHINE_TRANSLATION_SUGGESTIONS",
          [ 9] "FEATURE_MACHINE_TRANSLATION_LANGUAGE",
          [10] "FEATURE_MACHINE_TRANSLATION_AUTO_TRANSLATE"
        ],
                   "current_user_deactivated" => false,
            "current_user_deactivated_reason" => nil
      },
      "relationships" => {
        "projects" => {
          "data" => []
        }
      }
    }
  ],
  "meta" => {
    "total" => 11
  }
}